
> pennant-sim@0.1.0 baseline:new
> tsx scripts/balance-new-engine.ts

Season 1/100: AVG 0.246, ERA 3.15, HR 1205
Season 2/100: AVG 0.233, ERA 2.65, HR 1055
Season 3/100: AVG 0.234, ERA 2.57, HR 968
Season 4/100: AVG 0.235, ERA 2.80, HR 1096
Season 5/100: AVG 0.236, ERA 2.81, HR 1126
Season 6/100: AVG 0.223, ERA 2.34, HR 928
Season 7/100: AVG 0.247, ERA 3.03, HR 1137
Season 8/100: AVG 0.247, ERA 3.04, HR 1245
Season 9/100: AVG 0.246, ERA 3.08, HR 1172
Season 10/100: AVG 0.248, ERA 3.26, HR 1276
Season 11/100: AVG 0.229, ERA 2.39, HR 1004
Season 12/100: AVG 0.243, ERA 2.93, HR 1197
Season 13/100: AVG 0.243, ERA 2.96, HR 1164
Season 14/100: AVG 0.231, ERA 2.60, HR 1026
Season 15/100: AVG 0.252, ERA 3.31, HR 1331
Season 16/100: AVG 0.238, ERA 2.84, HR 1125
Season 17/100: AVG 0.236, ERA 2.81, HR 1103
Season 18/100: AVG 0.234, ERA 2.68, HR 1059
Season 19/100: AVG 0.224, ERA 2.33, HR 966
Season 20/100: AVG 0.240, ERA 2.82, HR 1077
Season 21/100: AVG 0.237, ERA 2.75, HR 1076
Season 22/100: AVG 0.236, ERA 2.70, HR 1086
Season 23/100: AVG 0.233, ERA 2.71, HR 1073
Season 24/100: AVG 0.233, ERA 2.70, HR 1093
Season 25/100: AVG 0.239, ERA 2.86, HR 1150
Season 26/100: AVG 0.243, ERA 2.95, HR 1246
Season 27/100: AVG 0.229, ERA 2.54, HR 1007
Season 28/100: AVG 0.225, ERA 2.53, HR 960
Season 29/100: AVG 0.246, ERA 3.15, HR 1227
Season 30/100: AVG 0.235, ERA 2.79, HR 1115
Season 31/100: AVG 0.246, ERA 3.05, HR 1223
Season 32/100: AVG 0.234, ERA 2.64, HR 1021
Season 33/100: AVG 0.241, ERA 2.95, HR 1133
Season 34/100: AVG 0.239, ERA 2.87, HR 1073
Season 35/100: AVG 0.252, ERA 3.15, HR 1255
Season 36/100: AVG 0.237, ERA 2.72, HR 1021
Season 37/100: AVG 0.243, ERA 3.01, HR 1183
Season 38/100: AVG 0.231, ERA 2.55, HR 1073
Season 39/100: AVG 0.243, ERA 3.03, HR 1145
Season 40/100: AVG 0.236, ERA 2.72, HR 1070
Season 41/100: AVG 0.240, ERA 2.89, HR 1217
Season 42/100: AVG 0.238, ERA 2.82, HR 1114
Season 43/100: AVG 0.233, ERA 2.58, HR 983
Season 44/100: AVG 0.241, ERA 2.84, HR 1173
Season 45/100: AVG 0.227, ERA 2.49, HR 925
Season 46/100: AVG 0.229, ERA 2.46, HR 957
Season 47/100: AVG 0.233, ERA 2.71, HR 1116
Season 48/100: AVG 0.240, ERA 2.92, HR 1123
Season 49/100: AVG 0.234, ERA 2.64, HR 1092
Season 50/100: AVG 0.236, ERA 2.63, HR 1009
Season 51/100: AVG 0.240, ERA 2.92, HR 1158
Season 52/100: AVG 0.233, ERA 2.51, HR 1040
Season 53/100: AVG 0.239, ERA 2.72, HR 1148
Season 54/100: AVG 0.250, ERA 3.25, HR 1279
Season 55/100: AVG 0.251, ERA 3.22, HR 1257
Season 56/100: AVG 0.247, ERA 3.19, HR 1192
Season 57/100: AVG 0.239, ERA 2.82, HR 1087
Season 58/100: AVG 0.250, ERA 3.23, HR 1278
Season 59/100: AVG 0.238, ERA 2.76, HR 1050
Season 60/100: AVG 0.242, ERA 3.02, HR 1125
Season 61/100: AVG 0.221, ERA 2.29, HR 957
Season 62/100: AVG 0.227, ERA 2.42, HR 944
Season 63/100: AVG 0.235, ERA 2.80, HR 1133
Season 64/100: AVG 0.234, ERA 2.67, HR 1021
Season 65/100: AVG 0.233, ERA 2.81, HR 1045
Season 66/100: AVG 0.246, ERA 3.12, HR 1230
Season 67/100: AVG 0.248, ERA 3.23, HR 1231
Season 68/100: AVG 0.236, ERA 2.87, HR 1090
Season 69/100: AVG 0.237, ERA 2.72, HR 1036
Season 70/100: AVG 0.238, ERA 2.84, HR 1110
Season 71/100: AVG 0.217, ERA 2.34, HR 952
Season 72/100: AVG 0.229, ERA 2.52, HR 1037
Season 73/100: AVG 0.234, ERA 2.67, HR 1054
Season 74/100: AVG 0.254, ERA 3.33, HR 1302
Season 75/100: AVG 0.237, ERA 2.70, HR 1068
Season 76/100: AVG 0.244, ERA 2.92, HR 1147
Season 77/100: AVG 0.234, ERA 2.74, HR 1132
Season 78/100: AVG 0.244, ERA 2.89, HR 1153
Season 79/100: AVG 0.240, ERA 2.73, HR 951
Season 80/100: AVG 0.235, ERA 2.71, HR 1085
Season 81/100: AVG 0.234, ERA 2.74, HR 1065
Season 82/100: AVG 0.240, ERA 2.89, HR 1173
Season 83/100: AVG 0.241, ERA 2.97, HR 1175
Season 84/100: AVG 0.230, ERA 2.61, HR 979
Season 85/100: AVG 0.246, ERA 3.05, HR 1234
Season 86/100: AVG 0.234, ERA 2.84, HR 1104
Season 87/100: AVG 0.243, ERA 2.87, HR 1020
Season 88/100: AVG 0.238, ERA 2.78, HR 1072
Season 89/100: AVG 0.236, ERA 2.70, HR 1148
Season 90/100: AVG 0.237, ERA 2.71, HR 1071
Season 91/100: AVG 0.235, ERA 2.70, HR 1082
Season 92/100: AVG 0.234, ERA 2.70, HR 1141
Season 93/100: AVG 0.236, ERA 2.80, HR 1107
Season 94/100: AVG 0.242, ERA 2.93, HR 1169
Season 95/100: AVG 0.235, ERA 2.70, HR 1149
Season 96/100: AVG 0.229, ERA 2.54, HR 1041
Season 97/100: AVG 0.247, ERA 3.06, HR 1171
Season 98/100: AVG 0.239, ERA 2.94, HR 1141
Season 99/100: AVG 0.224, ERA 2.43, HR 933
Season 100/100: AVG 0.243, ERA 2.78, HR 1164
Baseline summary: {"battingAverage":{"mean":0.237714,"standardDeviation":0.00713},"era":{"mean":2.804562,"standardDeviation":0.23159},"homeRuns":{"mean":1106.3,"standardDeviation":92.329},"stolenBaseSuccessRate":{"mean":0.618584,"standardDeviation":0.017943},"stolenBaseAttemptsPerTeamGame":{"mean":0.455408,"standardDeviation":0.019139},"walkRate":{"mean":0.075992,"standardDeviation":0.004389},"batterOvrStandardDeviation":{"mean":19.986286,"standardDeviation":0.801302},"pitcherOvrStandardDeviation":{"mean":18.024683,"standardDeviation":1.164886},"batterOvrTop1Percent":{"mean":110.97,"standardDeviation":3.89},"batterOvrTop5Percent":{"mean":83.94,"standardDeviation":4.294},"pitcherOvrTop1Percent":{"mean":102.37,"standardDeviation":4.438},"pitcherOvrTop5Percent":{"mean":79.41,"standardDeviation":5.537},"batterOvr85PlusCount":{"mean":21.34,"standardDeviation":3.163},"pitcherOvr85PlusCount":{"mean":13.68,"standardDeviation":3.771},"averageTeamOvr85PlusCount":{"mean":2.918,"standardDeviation":0.356},"minimumTeamOvr85PlusCount":{"mean":2,"standardDeviation":0},"latentFactorMaximumRate":{"mean":0.333981,"standardDeviation":0.015633},"potentialGap40PlusRate":{"mean":0.051019,"standardDeviation":0.00836},"meanMaximumPotentialGap":{"mean":19.911772,"standardDeviation":0.414697},"meanAveragePotentialGap":{"mean":13.03687,"standardDeviation":0.310135},"elitePotentialRate":{"mean":0.051058,"standardDeviation":0.008347}}
NPB target evaluation: {"passed":true,"comparison":{"battingAverage":{"value":0.237714,"minimum":0.232,"target":0.244,"maximum":0.257,"passed":true},"era":{"value":2.804562,"minimum":2.21,"target":3.01,"maximum":3.6,"passed":true},"homeRuns":{"value":1106.3,"minimum":1000,"target":1096,"maximum":1200,"passed":true},"stolenBaseAttemptsPerTeamGame":{"value":0.455408,"minimum":0.3,"target":0.45,"maximum":0.6,"passed":true}}}
Wrote 100-season new-engine baseline to /home/runner/work/pennant-sim/pennant-sim/baseline/new-season-stats.json
