
> pennant-sim@0.1.0 baseline:new
> tsx scripts/balance-new-engine.ts

Season 1/100: AVG 0.239, ERA 2.74, HR 1020
Season 2/100: AVG 0.252, ERA 3.20, HR 1245
Season 3/100: AVG 0.241, ERA 2.80, HR 1061
Season 4/100: AVG 0.245, ERA 2.91, HR 1061
Season 5/100: AVG 0.244, ERA 2.87, HR 1076
Season 6/100: AVG 0.241, ERA 2.74, HR 1005
Season 7/100: AVG 0.228, ERA 2.40, HR 909
Season 8/100: AVG 0.243, ERA 2.84, HR 1004
Season 9/100: AVG 0.247, ERA 2.96, HR 1117
Season 10/100: AVG 0.249, ERA 3.06, HR 1156
Season 11/100: AVG 0.226, ERA 2.31, HR 914
Season 12/100: AVG 0.245, ERA 2.97, HR 1089
Season 13/100: AVG 0.231, ERA 2.44, HR 902
Season 14/100: AVG 0.249, ERA 3.09, HR 1129
Season 15/100: AVG 0.256, ERA 3.27, HR 1225
Season 16/100: AVG 0.253, ERA 3.18, HR 1176
Season 17/100: AVG 0.244, ERA 3.03, HR 1091
Season 18/100: AVG 0.240, ERA 2.75, HR 994
Season 19/100: AVG 0.236, ERA 2.65, HR 1059
Season 20/100: AVG 0.240, ERA 2.84, HR 1035
Season 21/100: AVG 0.260, ERA 3.65, HR 1361
Season 22/100: AVG 0.244, ERA 2.91, HR 1106
Season 23/100: AVG 0.235, ERA 2.70, HR 1001
Season 24/100: AVG 0.244, ERA 2.97, HR 1095
Season 25/100: AVG 0.241, ERA 2.78, HR 1055
Season 26/100: AVG 0.247, ERA 3.02, HR 1214
Season 27/100: AVG 0.248, ERA 3.07, HR 1203
Season 28/100: AVG 0.250, ERA 3.07, HR 1125
Season 29/100: AVG 0.239, ERA 2.65, HR 920
Season 30/100: AVG 0.243, ERA 2.82, HR 1116
Season 31/100: AVG 0.231, ERA 2.49, HR 1015
Season 32/100: AVG 0.246, ERA 2.99, HR 1150
Season 33/100: AVG 0.243, ERA 2.89, HR 1128
Season 34/100: AVG 0.257, ERA 3.36, HR 1182
Season 35/100: AVG 0.247, ERA 3.06, HR 1102
Season 36/100: AVG 0.230, ERA 2.51, HR 962
Season 37/100: AVG 0.245, ERA 2.84, HR 1111
Season 38/100: AVG 0.249, ERA 3.07, HR 1183
Season 39/100: AVG 0.265, ERA 3.61, HR 1391
Season 40/100: AVG 0.243, ERA 2.90, HR 1075
Season 41/100: AVG 0.245, ERA 3.00, HR 1062
Season 42/100: AVG 0.248, ERA 2.91, HR 1036
Season 43/100: AVG 0.237, ERA 2.77, HR 1031
Season 44/100: AVG 0.241, ERA 2.84, HR 1123
Season 45/100: AVG 0.250, ERA 3.20, HR 1249
Season 46/100: AVG 0.243, ERA 2.81, HR 1071
Season 47/100: AVG 0.255, ERA 3.39, HR 1260
Season 48/100: AVG 0.242, ERA 3.01, HR 1149
Season 49/100: AVG 0.244, ERA 2.93, HR 1198
Season 50/100: AVG 0.235, ERA 2.65, HR 974
Season 51/100: AVG 0.251, ERA 3.06, HR 1166
Season 52/100: AVG 0.243, ERA 2.98, HR 1115
Season 53/100: AVG 0.252, ERA 3.14, HR 1222
Season 54/100: AVG 0.253, ERA 3.17, HR 1217
Season 55/100: AVG 0.251, ERA 3.12, HR 1187
Season 56/100: AVG 0.255, ERA 3.19, HR 1230
Season 57/100: AVG 0.237, ERA 2.58, HR 977
Season 58/100: AVG 0.243, ERA 2.83, HR 1053
Season 59/100: AVG 0.238, ERA 2.79, HR 1057
Season 60/100: AVG 0.242, ERA 2.91, HR 1063
Season 61/100: AVG 0.245, ERA 3.04, HR 1135
Season 62/100: AVG 0.249, ERA 2.96, HR 1114
Season 63/100: AVG 0.242, ERA 2.89, HR 1084
Season 64/100: AVG 0.244, ERA 2.85, HR 1017
Season 65/100: AVG 0.248, ERA 3.05, HR 1096
Season 66/100: AVG 0.242, ERA 2.85, HR 1070
Season 67/100: AVG 0.232, ERA 2.56, HR 915
Season 68/100: AVG 0.251, ERA 3.15, HR 1173
Season 69/100: AVG 0.241, ERA 2.67, HR 961
Season 70/100: AVG 0.252, ERA 3.13, HR 1137
Season 71/100: AVG 0.243, ERA 2.72, HR 962
Season 72/100: AVG 0.254, ERA 3.11, HR 1070
Season 73/100: AVG 0.260, ERA 3.49, HR 1322
Season 74/100: AVG 0.258, ERA 3.55, HR 1321
Season 75/100: AVG 0.254, ERA 3.22, HR 1158
Season 76/100: AVG 0.257, ERA 3.24, HR 1142
Season 77/100: AVG 0.246, ERA 3.10, HR 1239
Season 78/100: AVG 0.253, ERA 3.33, HR 1197
Season 79/100: AVG 0.244, ERA 2.91, HR 1144
Season 80/100: AVG 0.247, ERA 3.12, HR 1110
Season 81/100: AVG 0.251, ERA 3.17, HR 1224
Season 82/100: AVG 0.240, ERA 2.78, HR 1064
Season 83/100: AVG 0.251, ERA 3.14, HR 1183
Season 84/100: AVG 0.235, ERA 2.65, HR 985
Season 85/100: AVG 0.256, ERA 3.35, HR 1264
Season 86/100: AVG 0.251, ERA 3.02, HR 1162
Season 87/100: AVG 0.238, ERA 2.61, HR 985
Season 88/100: AVG 0.247, ERA 2.94, HR 1110
Season 89/100: AVG 0.252, ERA 3.16, HR 1128
Season 90/100: AVG 0.245, ERA 2.88, HR 1045
Season 91/100: AVG 0.243, ERA 2.93, HR 1124
Season 92/100: AVG 0.243, ERA 2.82, HR 1123
Season 93/100: AVG 0.240, ERA 2.78, HR 1028
Season 94/100: AVG 0.251, ERA 3.01, HR 1127
Season 95/100: AVG 0.235, ERA 2.69, HR 1006
Season 96/100: AVG 0.238, ERA 2.76, HR 1120
Season 97/100: AVG 0.251, ERA 3.09, HR 1169
Season 98/100: AVG 0.241, ERA 2.96, HR 1139
Season 99/100: AVG 0.237, ERA 2.65, HR 981
Season 100/100: AVG 0.243, ERA 2.79, HR 1029
Baseline summary: {"battingAverage":{"mean":0.245176,"standardDeviation":0.007344},"era":{"mean":2.948131,"standardDeviation":0.250857},"homeRuns":{"mean":1105.66,"standardDeviation":99.019},"stolenBaseSuccessRate":{"mean":0.61692,"standardDeviation":0.018819},"stolenBaseAttemptsPerTeamGame":{"mean":0.462879,"standardDeviation":0.018525},"walkRate":{"mean":0.075472,"standardDeviation":0.004463},"batterOvrStandardDeviation":{"mean":20.071817,"standardDeviation":0.930814},"pitcherOvrStandardDeviation":{"mean":18.040077,"standardDeviation":1.157135},"batterOvrTop1Percent":{"mean":111.14,"standardDeviation":3.365},"batterOvrTop5Percent":{"mean":84.57,"standardDeviation":5.365},"pitcherOvrTop1Percent":{"mean":102.67,"standardDeviation":4.609},"pitcherOvrTop5Percent":{"mean":79.5,"standardDeviation":6.207},"batterOvr85PlusCount":{"mean":21.52,"standardDeviation":3.695},"pitcherOvr85PlusCount":{"mean":13.5,"standardDeviation":3.793},"averageTeamOvr85PlusCount":{"mean":2.918,"standardDeviation":0.362},"minimumTeamOvr85PlusCount":{"mean":2,"standardDeviation":0},"latentFactorMaximumRate":{"mean":0.333228,"standardDeviation":0.015042},"potentialGap40PlusRate":{"mean":0.049497,"standardDeviation":0.007987},"meanMaximumPotentialGap":{"mean":19.858492,"standardDeviation":0.39571},"meanAveragePotentialGap":{"mean":12.996996,"standardDeviation":0.30147},"elitePotentialRate":{"mean":0.049497,"standardDeviation":0.007987}}
NPB target evaluation: {"passed":true,"comparison":{"battingAverage":{"value":0.245176,"minimum":0.232,"target":0.244,"maximum":0.257,"passed":true},"era":{"value":2.948131,"minimum":2.21,"target":3.01,"maximum":3.6,"passed":true},"homeRuns":{"value":1105.66,"minimum":1000,"target":1096,"maximum":1200,"passed":true},"stolenBaseAttemptsPerTeamGame":{"value":0.462879,"minimum":0.3,"target":0.45,"maximum":0.6,"passed":true}}}
Wrote 100-season new-engine baseline to /home/runner/work/pennant-sim/pennant-sim/baseline/new-season-stats.json
