
> pennant-sim@0.1.0 baseline:new
> tsx scripts/balance-new-engine.ts

Season 1/100: AVG 0.247, ERA 2.89, HR 1099
Season 2/100: AVG 0.237, ERA 2.61, HR 987
Season 3/100: AVG 0.250, ERA 3.00, HR 1099
Season 4/100: AVG 0.236, ERA 2.58, HR 946
Season 5/100: AVG 0.239, ERA 2.75, HR 1055
Season 6/100: AVG 0.242, ERA 2.82, HR 1055
Season 7/100: AVG 0.239, ERA 2.66, HR 1013
Season 8/100: AVG 0.250, ERA 3.08, HR 1134
Season 9/100: AVG 0.239, ERA 2.76, HR 1030
Season 10/100: AVG 0.247, ERA 3.02, HR 1121
Season 11/100: AVG 0.241, ERA 3.00, HR 1154
Season 12/100: AVG 0.258, ERA 3.28, HR 1268
Season 13/100: AVG 0.244, ERA 2.93, HR 1114
Season 14/100: AVG 0.247, ERA 3.04, HR 1213
Season 15/100: AVG 0.261, ERA 3.49, HR 1385
Season 16/100: AVG 0.245, ERA 2.94, HR 1054
Season 17/100: AVG 0.241, ERA 2.70, HR 993
Season 18/100: AVG 0.251, ERA 3.16, HR 1167
Season 19/100: AVG 0.243, ERA 2.88, HR 1119
Season 20/100: AVG 0.241, ERA 2.84, HR 1089
Season 21/100: AVG 0.249, ERA 3.01, HR 1155
Season 22/100: AVG 0.245, ERA 3.02, HR 1107
Season 23/100: AVG 0.239, ERA 2.78, HR 1036
Season 24/100: AVG 0.245, ERA 2.90, HR 1105
Season 25/100: AVG 0.242, ERA 2.80, HR 1008
Season 26/100: AVG 0.244, ERA 2.84, HR 1075
Season 27/100: AVG 0.254, ERA 3.23, HR 1239
Season 28/100: AVG 0.248, ERA 3.19, HR 1215
Season 29/100: AVG 0.239, ERA 2.79, HR 991
Season 30/100: AVG 0.255, ERA 3.35, HR 1304
Season 31/100: AVG 0.240, ERA 2.74, HR 984
Season 32/100: AVG 0.257, ERA 3.41, HR 1356
Season 33/100: AVG 0.250, ERA 3.09, HR 1133
Season 34/100: AVG 0.250, ERA 3.11, HR 1171
Season 35/100: AVG 0.229, ERA 2.56, HR 1007
Season 36/100: AVG 0.242, ERA 2.84, HR 1065
Season 37/100: AVG 0.243, ERA 2.83, HR 1061
Season 38/100: AVG 0.240, ERA 2.78, HR 1030
Season 39/100: AVG 0.267, ERA 3.68, HR 1366
Season 40/100: AVG 0.240, ERA 2.84, HR 1003
Season 41/100: AVG 0.239, ERA 2.78, HR 1057
Season 42/100: AVG 0.243, ERA 2.82, HR 1079
Season 43/100: AVG 0.253, ERA 3.07, HR 1176
Season 44/100: AVG 0.238, ERA 2.82, HR 1042
Season 45/100: AVG 0.249, ERA 3.17, HR 1138
Season 46/100: AVG 0.243, ERA 2.76, HR 1024
Season 47/100: AVG 0.227, ERA 2.33, HR 875
Season 48/100: AVG 0.267, ERA 3.76, HR 1390
Season 49/100: AVG 0.240, ERA 2.70, HR 1055
Season 50/100: AVG 0.248, ERA 3.18, HR 1209
Season 51/100: AVG 0.243, ERA 2.93, HR 1157
Season 52/100: AVG 0.245, ERA 2.98, HR 1115
Season 53/100: AVG 0.240, ERA 2.90, HR 1139
Season 54/100: AVG 0.233, ERA 2.57, HR 876
Season 55/100: AVG 0.253, ERA 3.21, HR 1135
Season 56/100: AVG 0.237, ERA 2.70, HR 1052
Season 57/100: AVG 0.247, ERA 3.01, HR 1085
Season 58/100: AVG 0.246, ERA 2.97, HR 1143
Season 59/100: AVG 0.239, ERA 2.81, HR 1033
Season 60/100: AVG 0.248, ERA 2.97, HR 1141
Season 61/100: AVG 0.250, ERA 3.25, HR 1197
Season 62/100: AVG 0.245, ERA 3.02, HR 1050
Season 63/100: AVG 0.243, ERA 2.84, HR 1045
Season 64/100: AVG 0.242, ERA 2.78, HR 1017
Season 65/100: AVG 0.232, ERA 2.72, HR 1003
Season 66/100: AVG 0.252, ERA 3.25, HR 1248
Season 67/100: AVG 0.244, ERA 2.95, HR 1131
Season 68/100: AVG 0.244, ERA 2.98, HR 1097
Season 69/100: AVG 0.247, ERA 2.95, HR 1117
Season 70/100: AVG 0.240, ERA 2.78, HR 1007
Season 71/100: AVG 0.245, ERA 3.00, HR 1084
Season 72/100: AVG 0.269, ERA 3.77, HR 1328
Season 73/100: AVG 0.250, ERA 3.22, HR 1177
Season 74/100: AVG 0.268, ERA 3.82, HR 1498
Season 75/100: AVG 0.248, ERA 2.97, HR 1205
Season 76/100: AVG 0.254, ERA 3.20, HR 1194
Season 77/100: AVG 0.250, ERA 3.23, HR 1260
Season 78/100: AVG 0.256, ERA 3.37, HR 1278
Season 79/100: AVG 0.245, ERA 3.00, HR 1154
Season 80/100: AVG 0.251, ERA 2.97, HR 1139
Season 81/100: AVG 0.247, ERA 2.87, HR 1055
Season 82/100: AVG 0.238, ERA 2.73, HR 1061
Season 83/100: AVG 0.252, ERA 3.07, HR 1151
Season 84/100: AVG 0.243, ERA 2.85, HR 1085
Season 85/100: AVG 0.257, ERA 3.39, HR 1174
Season 86/100: AVG 0.250, ERA 3.13, HR 1199
Season 87/100: AVG 0.245, ERA 2.90, HR 1045
Season 88/100: AVG 0.245, ERA 2.89, HR 1056
Season 89/100: AVG 0.250, ERA 3.01, HR 1110
Season 90/100: AVG 0.252, ERA 3.11, HR 1158
Season 91/100: AVG 0.253, ERA 3.18, HR 1121
Season 92/100: AVG 0.252, ERA 3.20, HR 1188
Season 93/100: AVG 0.237, ERA 2.58, HR 933
Season 94/100: AVG 0.249, ERA 2.96, HR 1118
Season 95/100: AVG 0.242, ERA 2.94, HR 1064
Season 96/100: AVG 0.236, ERA 2.67, HR 985
Season 97/100: AVG 0.255, ERA 3.33, HR 1235
Season 98/100: AVG 0.244, ERA 2.96, HR 1156
Season 99/100: AVG 0.250, ERA 3.21, HR 1175
Season 100/100: AVG 0.255, ERA 3.27, HR 1253
Baseline summary: {"battingAverage":{"mean":0.246199,"standardDeviation":0.007667},"era":{"mean":2.989636,"standardDeviation":0.26534},"homeRuns":{"mean":1119.78,"standardDeviation":108.17},"stolenBaseSuccessRate":{"mean":0.620499,"standardDeviation":0.01585},"stolenBaseAttemptsPerTeamGame":{"mean":0.463619,"standardDeviation":0.020532},"walkRate":{"mean":0.076272,"standardDeviation":0.004549},"batterOvrStandardDeviation":{"mean":20.019186,"standardDeviation":0.822114},"pitcherOvrStandardDeviation":{"mean":17.941413,"standardDeviation":1.193922},"batterOvrTop1Percent":{"mean":110.73,"standardDeviation":3.771},"batterOvrTop5Percent":{"mean":84.53,"standardDeviation":4.698},"pitcherOvrTop1Percent":{"mean":102.92,"standardDeviation":4.558},"pitcherOvrTop5Percent":{"mean":79.19,"standardDeviation":5.822},"batterOvr85PlusCount":{"mean":21.9,"standardDeviation":3.719},"pitcherOvr85PlusCount":{"mean":13.5,"standardDeviation":3.754},"averageTeamOvr85PlusCount":{"mean":2.95,"standardDeviation":0.334},"minimumTeamOvr85PlusCount":{"mean":2,"standardDeviation":0},"latentFactorMaximumRate":{"mean":0.332421,"standardDeviation":0.014508},"potentialGap40PlusRate":{"mean":0.048598,"standardDeviation":0.007584},"meanMaximumPotentialGap":{"mean":19.831468,"standardDeviation":0.331003},"meanAveragePotentialGap":{"mean":12.962707,"standardDeviation":0.27018},"elitePotentialRate":{"mean":0.048611,"standardDeviation":0.007579}}
NPB target evaluation: {"passed":true,"comparison":{"battingAverage":{"value":0.246199,"minimum":0.232,"target":0.244,"maximum":0.257,"passed":true},"era":{"value":2.989636,"minimum":2.21,"target":3.01,"maximum":3.6,"passed":true},"homeRuns":{"value":1119.78,"minimum":1000,"target":1096,"maximum":1200,"passed":true},"stolenBaseAttemptsPerTeamGame":{"value":0.463619,"minimum":0.3,"target":0.45,"maximum":0.6,"passed":true}}}
Wrote 100-season new-engine baseline to /home/runner/work/pennant-sim/pennant-sim/baseline/new-season-stats.json
