
> pennant-sim@0.1.0 baseline:new
> tsx scripts/balance-new-engine.ts

Season 1/100: AVG 0.233, ERA 2.64, HR 988
Season 2/100: AVG 0.225, ERA 2.40, HR 932
Season 3/100: AVG 0.227, ERA 2.37, HR 926
Season 4/100: AVG 0.232, ERA 2.63, HR 1058
Season 5/100: AVG 0.235, ERA 2.66, HR 1107
Season 6/100: AVG 0.217, ERA 2.18, HR 875
Season 7/100: AVG 0.231, ERA 2.71, HR 1066
Season 8/100: AVG 0.237, ERA 2.88, HR 1129
Season 9/100: AVG 0.243, ERA 2.96, HR 1103
Season 10/100: AVG 0.233, ERA 2.70, HR 1075
Season 11/100: AVG 0.235, ERA 2.59, HR 1003
Season 12/100: AVG 0.231, ERA 2.55, HR 1022
Season 13/100: AVG 0.234, ERA 2.59, HR 991
Season 14/100: AVG 0.241, ERA 2.87, HR 1155
Season 15/100: AVG 0.234, ERA 2.61, HR 965
Season 16/100: AVG 0.239, ERA 2.89, HR 1143
Season 17/100: AVG 0.228, ERA 2.44, HR 991
Season 18/100: AVG 0.230, ERA 2.56, HR 948
Season 19/100: AVG 0.238, ERA 2.89, HR 1052
Season 20/100: AVG 0.227, ERA 2.49, HR 1003
Season 21/100: AVG 0.222, ERA 2.37, HR 953
Season 22/100: AVG 0.239, ERA 2.85, HR 1084
Season 23/100: AVG 0.231, ERA 2.70, HR 1022
Season 24/100: AVG 0.232, ERA 2.61, HR 1079
Season 25/100: AVG 0.232, ERA 2.56, HR 1068
Season 26/100: AVG 0.217, ERA 2.06, HR 788
Season 27/100: AVG 0.230, ERA 2.60, HR 1057
Season 28/100: AVG 0.237, ERA 2.81, HR 1050
Season 29/100: AVG 0.247, ERA 2.99, HR 1179
Season 30/100: AVG 0.227, ERA 2.45, HR 877
Season 31/100: AVG 0.233, ERA 2.54, HR 1018
Season 32/100: AVG 0.221, ERA 2.38, HR 938
Season 33/100: AVG 0.229, ERA 2.43, HR 949
Season 34/100: AVG 0.228, ERA 2.48, HR 1013
Season 35/100: AVG 0.234, ERA 2.69, HR 1123
Season 36/100: AVG 0.231, ERA 2.78, HR 1096
Season 37/100: AVG 0.236, ERA 2.88, HR 1193
Season 38/100: AVG 0.226, ERA 2.45, HR 974
Season 39/100: AVG 0.229, ERA 2.47, HR 990
Season 40/100: AVG 0.242, ERA 2.78, HR 1054
Season 41/100: AVG 0.232, ERA 2.76, HR 1042
Season 42/100: AVG 0.229, ERA 2.54, HR 1013
Season 43/100: AVG 0.228, ERA 2.55, HR 973
Season 44/100: AVG 0.231, ERA 2.54, HR 993
Season 45/100: AVG 0.233, ERA 2.60, HR 1089
Season 46/100: AVG 0.233, ERA 2.49, HR 1019
Season 47/100: AVG 0.242, ERA 2.89, HR 1223
Season 48/100: AVG 0.231, ERA 2.60, HR 1034
Season 49/100: AVG 0.222, ERA 2.36, HR 937
Season 50/100: AVG 0.237, ERA 2.68, HR 1097
Season 51/100: AVG 0.244, ERA 2.89, HR 1150
Season 52/100: AVG 0.220, ERA 2.39, HR 880
Season 53/100: AVG 0.237, ERA 2.72, HR 1040
Season 54/100: AVG 0.232, ERA 2.59, HR 1062
Season 55/100: AVG 0.234, ERA 2.68, HR 1055
Season 56/100: AVG 0.235, ERA 2.61, HR 1012
Season 57/100: AVG 0.218, ERA 2.21, HR 843
Season 58/100: AVG 0.232, ERA 2.57, HR 1008
Season 59/100: AVG 0.230, ERA 2.66, HR 1016
Season 60/100: AVG 0.240, ERA 2.83, HR 1085
Season 61/100: AVG 0.224, ERA 2.42, HR 1030
Season 62/100: AVG 0.233, ERA 2.60, HR 1056
Season 63/100: AVG 0.239, ERA 2.71, HR 1009
Season 64/100: AVG 0.237, ERA 2.78, HR 1115
Season 65/100: AVG 0.221, ERA 2.43, HR 982
Season 66/100: AVG 0.223, ERA 2.41, HR 940
Season 67/100: AVG 0.228, ERA 2.62, HR 1063
Season 68/100: AVG 0.239, ERA 2.82, HR 1084
Season 69/100: AVG 0.225, ERA 2.34, HR 916
Season 70/100: AVG 0.238, ERA 2.95, HR 1110
Season 71/100: AVG 0.241, ERA 2.95, HR 1214
Season 72/100: AVG 0.238, ERA 2.80, HR 1093
Season 73/100: AVG 0.245, ERA 3.01, HR 1187
Season 74/100: AVG 0.245, ERA 2.98, HR 1134
Season 75/100: AVG 0.236, ERA 2.75, HR 1116
Season 76/100: AVG 0.231, ERA 2.70, HR 1080
Season 77/100: AVG 0.234, ERA 2.70, HR 994
Season 78/100: AVG 0.221, ERA 2.22, HR 845
Season 79/100: AVG 0.232, ERA 2.76, HR 1065
Season 80/100: AVG 0.228, ERA 2.56, HR 984
Season 81/100: AVG 0.236, ERA 2.54, HR 1040
Season 82/100: AVG 0.241, ERA 2.92, HR 1240
Season 83/100: AVG 0.237, ERA 2.73, HR 1105
Season 84/100: AVG 0.243, ERA 2.93, HR 1130
Season 85/100: AVG 0.228, ERA 2.48, HR 956
Season 86/100: AVG 0.247, ERA 3.16, HR 1192
Season 87/100: AVG 0.246, ERA 3.05, HR 1124
Season 88/100: AVG 0.239, ERA 2.80, HR 1136
Season 89/100: AVG 0.233, ERA 2.66, HR 992
Season 90/100: AVG 0.237, ERA 2.80, HR 1053
Season 91/100: AVG 0.227, ERA 2.56, HR 1013
Season 92/100: AVG 0.229, ERA 2.54, HR 993
Season 93/100: AVG 0.237, ERA 2.72, HR 1021
Season 94/100: AVG 0.226, ERA 2.44, HR 1014
Season 95/100: AVG 0.217, ERA 2.32, HR 987
Season 96/100: AVG 0.225, ERA 2.46, HR 962
Season 97/100: AVG 0.232, ERA 2.64, HR 1062
Season 98/100: AVG 0.231, ERA 2.54, HR 982
Season 99/100: AVG 0.226, ERA 2.41, HR 1001
Season 100/100: AVG 0.225, ERA 2.41, HR 1010
Baseline summary: {"battingAverage":{"mean":0.232341,"standardDeviation":0.006932},"era":{"mean":2.632367,"standardDeviation":0.207214},"homeRuns":{"mean":1036.38,"standardDeviation":84.712},"stolenBaseSuccessRate":{"mean":0.620834,"standardDeviation":0.017868},"stolenBaseAttemptsPerTeamGame":{"mean":0.450693,"standardDeviation":0.017366},"walkRate":{"mean":0.07341,"standardDeviation":0.004127},"batterOvrStandardDeviation":{"mean":18.716985,"standardDeviation":0.923404},"pitcherOvrStandardDeviation":{"mean":18.040409,"standardDeviation":1.129793},"batterOvrTop1Percent":{"mean":103.84,"standardDeviation":4.083},"batterOvrTop5Percent":{"mean":79.24,"standardDeviation":4.887},"pitcherOvrTop1Percent":{"mean":103.23,"standardDeviation":4.456},"pitcherOvrTop5Percent":{"mean":79.37,"standardDeviation":5.473},"batterOvr85PlusCount":{"mean":17.33,"standardDeviation":3.86},"pitcherOvr85PlusCount":{"mean":13.7,"standardDeviation":3.531},"averageTeamOvr85PlusCount":{"mean":2.586,"standardDeviation":0.425},"minimumTeamOvr85PlusCount":{"mean":0.42,"standardDeviation":0.533}}
NPB target evaluation: {"passed":true,"comparison":{"battingAverage":{"value":0.232341,"minimum":0.232,"target":0.244,"maximum":0.257,"passed":true},"era":{"value":2.632367,"minimum":2.21,"target":3.01,"maximum":3.6,"passed":true},"homeRuns":{"value":1036.38,"minimum":1000,"target":1096,"maximum":1200,"passed":true},"stolenBaseAttemptsPerTeamGame":{"value":0.450693,"minimum":0.3,"target":0.45,"maximum":0.6,"passed":true}}}
Wrote 100-season new-engine baseline to /home/runner/work/pennant-sim/pennant-sim/baseline/new-season-stats.json
